[0.024s] Invoking command in '/home/freedom/freedom_ws/src/butia_description/build/logistic_description': CMAKE_PREFIX_PATH=/opt/ros/humble /usr/bin/cmake /home/freedom/freedom_ws/src/butia_description/logistic_description -DCMAKE_INSTALL_PREFIX=/home/freedom/freedom_ws/src/butia_description/install/logistic_description
[0.107s] -- The C compiler identification is GNU 11.4.0
[0.202s] -- The CXX compiler identification is GNU 11.4.0
[0.221s] -- Detecting C compiler ABI info
[0.339s] -- Detecting C compiler ABI info - done
[0.352s] -- Check for working C compiler: /usr/bin/cc - skipped
[0.352s] -- Detecting C compile features
[0.353s] -- Detecting C compile features - done
[0.361s] -- Detecting CXX compiler ABI info
[0.492s] -- Detecting CXX compiler ABI info - done
[0.502s] -- Check for working CXX compiler: /usr/bin/c++ - skipped
[0.502s] -- Detecting CXX compile features
[0.503s] -- Detecting CXX compile features - done
[0.507s] -- Found ament_cmake: 1.3.10 (/opt/ros/humble/share/ament_cmake/cmake)
[0.772s] -- Found Python3: /usr/bin/python3 (found version "3.10.12") found components: Interpreter 
[0.957s] -- Found ament_lint_auto: 0.12.11 (/opt/ros/humble/share/ament_lint_auto/cmake)
[1.093s] -- Added test 'copyright' to check source files copyright and LICENSE
[1.096s] -- Added test 'flake8' to check Python code syntax and style conventions
[1.102s] -- Added test 'lint_cmake' to check CMake code style
[1.103s] -- Added test 'pep257' to check Python code against some of the docstring style conventions in PEP 257
[1.104s] -- Added test 'xmllint' to check XML markup files
[1.107s] -- Configuring done
[1.115s] -- Generating done
[1.121s] -- Build files have been written to: /home/freedom/freedom_ws/src/butia_description/build/logistic_description
[1.127s] Invoked command in '/home/freedom/freedom_ws/src/butia_description/build/logistic_description' returned '0': CMAKE_PREFIX_PATH=/opt/ros/humble /usr/bin/cmake /home/freedom/freedom_ws/src/butia_description/logistic_description -DCMAKE_INSTALL_PREFIX=/home/freedom/freedom_ws/src/butia_description/install/logistic_description
[1.130s] Invoking command in '/home/freedom/freedom_ws/src/butia_description/build/logistic_description': CMAKE_PREFIX_PATH=/opt/ros/humble /usr/bin/cmake --build /home/freedom/freedom_ws/src/butia_description/build/logistic_description -- -j12 -l12
[1.199s] Invoked command in '/home/freedom/freedom_ws/src/butia_description/build/logistic_description' returned '0': CMAKE_PREFIX_PATH=/opt/ros/humble /usr/bin/cmake --build /home/freedom/freedom_ws/src/butia_description/build/logistic_description -- -j12 -l12
[1.237s] Invoking command in '/home/freedom/freedom_ws/src/butia_description/build/logistic_description': CMAKE_PREFIX_PATH=/opt/ros/humble /usr/bin/cmake --install /home/freedom/freedom_ws/src/butia_description/build/logistic_description
[1.249s] -- Install configuration: ""
[1.249s] -- Installing: /home/freedom/freedom_ws/src/butia_description/install/logistic_description/share/logistic_description/urdf
[1.249s] -- Installing: /home/freedom/freedom_ws/src/butia_description/install/logistic_description/share/logistic_description/urdf/logistic.xacro
[1.250s] -- Installing: /home/freedom/freedom_ws/src/butia_description/install/logistic_description/share/logistic_description/config
[1.250s] -- Installing: /home/freedom/freedom_ws/src/butia_description/install/logistic_description/share/logistic_description/config/logistic.rviz
[1.250s] -- Installing: /home/freedom/freedom_ws/src/butia_description/install/logistic_description/share/logistic_description/config/logistic_controllers.yaml
[1.250s] -- Installing: /home/freedom/freedom_ws/src/butia_description/install/logistic_description/share/logistic_description/launch
[1.250s] -- Installing: /home/freedom/freedom_ws/src/butia_description/install/logistic_description/share/logistic_description/launch/logistic_description.launch.py
[1.251s] -- Installing: /home/freedom/freedom_ws/src/butia_description/install/logistic_description/share/ament_index/resource_index/package_run_dependencies/logistic_description
[1.251s] -- Installing: /home/freedom/freedom_ws/src/butia_description/install/logistic_description/share/ament_index/resource_index/parent_prefix_path/logistic_description
[1.251s] -- Installing: /home/freedom/freedom_ws/src/butia_description/install/logistic_description/share/logistic_description/environment/ament_prefix_path.sh
[1.251s] -- Installing: /home/freedom/freedom_ws/src/butia_description/install/logistic_description/share/logistic_description/environment/ament_prefix_path.dsv
[1.252s] -- Installing: /home/freedom/freedom_ws/src/butia_description/install/logistic_description/share/logistic_description/environment/path.sh
[1.252s] -- Installing: /home/freedom/freedom_ws/src/butia_description/install/logistic_description/share/logistic_description/environment/path.dsv
[1.252s] -- Installing: /home/freedom/freedom_ws/src/butia_description/install/logistic_description/share/logistic_description/local_setup.bash
[1.252s] -- Installing: /home/freedom/freedom_ws/src/butia_description/install/logistic_description/share/logistic_description/local_setup.sh
[1.253s] -- Installing: /home/freedom/freedom_ws/src/butia_description/install/logistic_description/share/logistic_description/local_setup.zsh
[1.253s] -- Installing: /home/freedom/freedom_ws/src/butia_description/install/logistic_description/share/logistic_description/local_setup.dsv
[1.253s] -- Installing: /home/freedom/freedom_ws/src/butia_description/install/logistic_description/share/logistic_description/package.dsv
[1.254s] -- Installing: /home/freedom/freedom_ws/src/butia_description/install/logistic_description/share/ament_index/resource_index/packages/logistic_description
[1.254s] -- Installing: /home/freedom/freedom_ws/src/butia_description/install/logistic_description/share/logistic_description/cmake/logistic_descriptionConfig.cmake
[1.255s] -- Installing: /home/freedom/freedom_ws/src/butia_description/install/logistic_description/share/logistic_description/cmake/logistic_descriptionConfig-version.cmake
[1.255s] -- Installing: /home/freedom/freedom_ws/src/butia_description/install/logistic_description/share/logistic_description/package.xml
[1.259s] Invoked command in '/home/freedom/freedom_ws/src/butia_description/build/logistic_description' returned '0': CMAKE_PREFIX_PATH=/opt/ros/humble /usr/bin/cmake --install /home/freedom/freedom_ws/src/butia_description/build/logistic_description
