[0.022s] Invoking command in '/home/freedom/freedom_ws/src/butia_description/build/shark_description': CMAKE_PREFIX_PATH=/opt/ros/humble /usr/bin/cmake /home/freedom/freedom_ws/src/butia_description/shark_description -DCMAKE_INSTALL_PREFIX=/home/freedom/freedom_ws/src/butia_description/install/shark_description
[0.106s] -- The C compiler identification is GNU 11.4.0
[0.204s] -- The CXX compiler identification is GNU 11.4.0
[0.225s] -- Detecting C compiler ABI info
[0.339s] -- Detecting C compiler ABI info - done
[0.347s] -- Check for working C compiler: /usr/bin/cc - skipped
[0.348s] -- Detecting C compile features
[0.348s] -- Detecting C compile features - done
[0.353s] -- Detecting CXX compiler ABI info
[0.478s] -- Detecting CXX compiler ABI info - done
[0.496s] -- Check for working CXX compiler: /usr/bin/c++ - skipped
[0.497s] -- Detecting CXX compile features
[0.498s] -- Detecting CXX compile features - done
[0.505s] -- Found ament_cmake: 1.3.10 (/opt/ros/humble/share/ament_cmake/cmake)
[0.780s] -- Found Python3: /usr/bin/python3 (found version "3.10.12") found components: Interpreter 
[0.962s] -- Found ament_lint_auto: 0.12.11 (/opt/ros/humble/share/ament_lint_auto/cmake)
[1.132s] -- Added test 'copyright' to check source files copyright and LICENSE
[1.135s] -- Added test 'flake8' to check Python code syntax and style conventions
[1.136s] -- Added test 'lint_cmake' to check CMake code style
[1.137s] -- Added test 'pep257' to check Python code against some of the docstring style conventions in PEP 257
[1.139s] -- Added test 'xmllint' to check XML markup files
[1.141s] -- Configuring done
[1.148s] -- Generating done
[1.150s] -- Build files have been written to: /home/freedom/freedom_ws/src/butia_description/build/shark_description
[1.161s] Invoked command in '/home/freedom/freedom_ws/src/butia_description/build/shark_description' returned '0': CMAKE_PREFIX_PATH=/opt/ros/humble /usr/bin/cmake /home/freedom/freedom_ws/src/butia_description/shark_description -DCMAKE_INSTALL_PREFIX=/home/freedom/freedom_ws/src/butia_description/install/shark_description
[1.164s] Invoking command in '/home/freedom/freedom_ws/src/butia_description/build/shark_description': CMAKE_PREFIX_PATH=/opt/ros/humble /usr/bin/cmake --build /home/freedom/freedom_ws/src/butia_description/build/shark_description -- -j12 -l12
[1.226s] Invoked command in '/home/freedom/freedom_ws/src/butia_description/build/shark_description' returned '0': CMAKE_PREFIX_PATH=/opt/ros/humble /usr/bin/cmake --build /home/freedom/freedom_ws/src/butia_description/build/shark_description -- -j12 -l12
[1.276s] Invoking command in '/home/freedom/freedom_ws/src/butia_description/build/shark_description': CMAKE_PREFIX_PATH=/opt/ros/humble /usr/bin/cmake --install /home/freedom/freedom_ws/src/butia_description/build/shark_description
[1.288s] -- Install configuration: ""
[1.289s] -- Installing: /home/freedom/freedom_ws/src/butia_description/install/shark_description/share/shark_description/launch
[1.290s] -- Installing: /home/freedom/freedom_ws/src/butia_description/install/shark_description/share/shark_description/launch/shark_description.launch.py
[1.290s] -- Installing: /home/freedom/freedom_ws/src/butia_description/install/shark_description/share/shark_description/config
[1.291s] -- Installing: /home/freedom/freedom_ws/src/butia_description/install/shark_description/share/shark_description/config/shark_controllers.yaml
[1.291s] -- Installing: /home/freedom/freedom_ws/src/butia_description/install/shark_description/share/shark_description/config/shark.rviz
[1.291s] -- Installing: /home/freedom/freedom_ws/src/butia_description/install/shark_description/share/shark_description/urdf
[1.292s] -- Installing: /home/freedom/freedom_ws/src/butia_description/install/shark_description/share/shark_description/urdf/shark_description.xacro
[1.292s] -- Installing: /home/freedom/freedom_ws/src/butia_description/install/shark_description/share/shark_description/urdf/shark_v1_gazebo_plugins.xacro
[1.292s] -- Installing: /home/freedom/freedom_ws/src/butia_description/install/shark_description/share/shark_description/urdf/shark.xacro
[1.292s] -- Installing: /home/freedom/freedom_ws/src/butia_description/install/shark_description/share/shark_description/urdf/shark_materials.xacro
[1.293s] -- Installing: /home/freedom/freedom_ws/src/butia_description/install/shark_description/share/shark_description/ros2_control
[1.293s] -- Installing: /home/freedom/freedom_ws/src/butia_description/install/shark_description/share/shark_description/ros2_control/shark_ros2_control.xacro
[1.293s] -- Installing: /home/freedom/freedom_ws/src/butia_description/install/shark_description/share/ament_index/resource_index/package_run_dependencies/shark_description
[1.293s] -- Installing: /home/freedom/freedom_ws/src/butia_description/install/shark_description/share/ament_index/resource_index/parent_prefix_path/shark_description
[1.293s] -- Installing: /home/freedom/freedom_ws/src/butia_description/install/shark_description/share/shark_description/environment/ament_prefix_path.sh
[1.294s] -- Installing: /home/freedom/freedom_ws/src/butia_description/install/shark_description/share/shark_description/environment/ament_prefix_path.dsv
[1.294s] -- Installing: /home/freedom/freedom_ws/src/butia_description/install/shark_description/share/shark_description/environment/path.sh
[1.294s] -- Installing: /home/freedom/freedom_ws/src/butia_description/install/shark_description/share/shark_description/environment/path.dsv
[1.294s] -- Installing: /home/freedom/freedom_ws/src/butia_description/install/shark_description/share/shark_description/local_setup.bash
[1.294s] -- Installing: /home/freedom/freedom_ws/src/butia_description/install/shark_description/share/shark_description/local_setup.sh
[1.295s] -- Installing: /home/freedom/freedom_ws/src/butia_description/install/shark_description/share/shark_description/local_setup.zsh
[1.296s] -- Installing: /home/freedom/freedom_ws/src/butia_description/install/shark_description/share/shark_description/local_setup.dsv
[1.296s] -- Installing: /home/freedom/freedom_ws/src/butia_description/install/shark_description/share/shark_description/package.dsv
[1.297s] -- Installing: /home/freedom/freedom_ws/src/butia_description/install/shark_description/share/ament_index/resource_index/packages/shark_description
[1.297s] -- Installing: /home/freedom/freedom_ws/src/butia_description/install/shark_description/share/shark_description/cmake/shark_descriptionConfig.cmake
[1.298s] -- Installing: /home/freedom/freedom_ws/src/butia_description/install/shark_description/share/shark_description/cmake/shark_descriptionConfig-version.cmake
[1.299s] -- Installing: /home/freedom/freedom_ws/src/butia_description/install/shark_description/share/shark_description/package.xml
[1.300s] Invoked command in '/home/freedom/freedom_ws/src/butia_description/build/shark_description' returned '0': CMAKE_PREFIX_PATH=/opt/ros/humble /usr/bin/cmake --install /home/freedom/freedom_ws/src/butia_description/build/shark_description
