[0.022s] Invoking command in '/home/freedom/freedom_ws/src/butia_description/build/sensors_description': CMAKE_PREFIX_PATH=/opt/ros/humble /usr/bin/cmake /home/freedom/freedom_ws/src/butia_description/sensors_description -DCMAKE_INSTALL_PREFIX=/home/freedom/freedom_ws/src/butia_description/install/sensors_description
[0.096s] -- The C compiler identification is GNU 11.4.0
[0.193s] -- The CXX compiler identification is GNU 11.4.0
[0.207s] -- Detecting C compiler ABI info
[0.332s] -- Detecting C compiler ABI info - done
[0.347s] -- Check for working C compiler: /usr/bin/cc - skipped
[0.348s] -- Detecting C compile features
[0.348s] -- Detecting C compile features - done
[0.354s] -- Detecting CXX compiler ABI info
[0.484s] -- Detecting CXX compiler ABI info - done
[0.494s] -- Check for working CXX compiler: /usr/bin/c++ - skipped
[0.495s] -- Detecting CXX compile features
[0.495s] -- Detecting CXX compile features - done
[0.499s] -- Found ament_cmake: 1.3.10 (/opt/ros/humble/share/ament_cmake/cmake)
[0.770s] -- Found Python3: /usr/bin/python3 (found version "3.10.12") found components: Interpreter 
[0.933s] -- Found ament_lint_auto: 0.12.11 (/opt/ros/humble/share/ament_lint_auto/cmake)
[1.071s] -- Added test 'copyright' to check source files copyright and LICENSE
[1.075s] -- Added test 'flake8' to check Python code syntax and style conventions
[1.076s] -- Added test 'lint_cmake' to check CMake code style
[1.076s] -- Added test 'pep257' to check Python code against some of the docstring style conventions in PEP 257
[1.079s] -- Added test 'xmllint' to check XML markup files
[1.081s] -- Configuring done
[1.093s] -- Generating done
[1.095s] -- Build files have been written to: /home/freedom/freedom_ws/src/butia_description/build/sensors_description
[1.109s] Invoked command in '/home/freedom/freedom_ws/src/butia_description/build/sensors_description' returned '0': CMAKE_PREFIX_PATH=/opt/ros/humble /usr/bin/cmake /home/freedom/freedom_ws/src/butia_description/sensors_description -DCMAKE_INSTALL_PREFIX=/home/freedom/freedom_ws/src/butia_description/install/sensors_description
[1.112s] Invoking command in '/home/freedom/freedom_ws/src/butia_description/build/sensors_description': CMAKE_PREFIX_PATH=/opt/ros/humble /usr/bin/cmake --build /home/freedom/freedom_ws/src/butia_description/build/sensors_description -- -j12 -l12
[1.176s] Invoked command in '/home/freedom/freedom_ws/src/butia_description/build/sensors_description' returned '0': CMAKE_PREFIX_PATH=/opt/ros/humble /usr/bin/cmake --build /home/freedom/freedom_ws/src/butia_description/build/sensors_description -- -j12 -l12
[1.224s] Invoking command in '/home/freedom/freedom_ws/src/butia_description/build/sensors_description': CMAKE_PREFIX_PATH=/opt/ros/humble /usr/bin/cmake --install /home/freedom/freedom_ws/src/butia_description/build/sensors_description
[1.238s] -- Install configuration: ""
[1.238s] -- Installing: /home/freedom/freedom_ws/src/butia_description/install/sensors_description/share/sensors_description/launch
[1.238s] -- Installing: /home/freedom/freedom_ws/src/butia_description/install/sensors_description/share/sensors_description/launch/urg_node.launch.py
[1.238s] -- Installing: /home/freedom/freedom_ws/src/butia_description/install/sensors_description/share/sensors_description/launch/velodyne.launch.py
[1.239s] -- Installing: /home/freedom/freedom_ws/src/butia_description/install/sensors_description/share/sensors_description/launch/lms1xx.launch.py
[1.239s] -- Installing: /home/freedom/freedom_ws/src/butia_description/install/sensors_description/share/sensors_description/config
[1.239s] -- Installing: /home/freedom/freedom_ws/src/butia_description/install/sensors_description/share/sensors_description/config/urg_node_ethernet.yaml
[1.239s] -- Installing: /home/freedom/freedom_ws/src/butia_description/install/sensors_description/share/sensors_description/config/urg_node.rviz
[1.239s] -- Installing: /home/freedom/freedom_ws/src/butia_description/install/sensors_description/share/sensors_description/config/urg_node_serial.yaml
[1.240s] -- Installing: /home/freedom/freedom_ws/src/butia_description/install/sensors_description/share/sensors_description/config/velodyne.rviz
[1.240s] -- Installing: /home/freedom/freedom_ws/src/butia_description/install/sensors_description/share/sensors_description/urdf
[1.240s] -- Installing: /home/freedom/freedom_ws/src/butia_description/install/sensors_description/share/sensors_description/urdf/hokuyo.xacro
[1.240s] -- Installing: /home/freedom/freedom_ws/src/butia_description/install/sensors_description/share/sensors_description/urdf/velodyne.xacro
[1.240s] -- Installing: /home/freedom/freedom_ws/src/butia_description/install/sensors_description/share/sensors_description/meshes
[1.241s] -- Installing: /home/freedom/freedom_ws/src/butia_description/install/sensors_description/share/sensors_description/meshes/hokuyo.dae
[1.241s] -- Installing: /home/freedom/freedom_ws/src/butia_description/install/sensors_description/share/sensors_description/meshes/sick-lms1xx.stl
[1.243s] -- Installing: /home/freedom/freedom_ws/src/butia_description/install/sensors_description/share/sensors_description/meshes/sick-lms1xx.dae
[1.244s] -- Installing: /home/freedom/freedom_ws/src/butia_description/install/sensors_description/share/ament_index/resource_index/package_run_dependencies/sensors_description
[1.244s] -- Installing: /home/freedom/freedom_ws/src/butia_description/install/sensors_description/share/ament_index/resource_index/parent_prefix_path/sensors_description
[1.245s] -- Installing: /home/freedom/freedom_ws/src/butia_description/install/sensors_description/share/sensors_description/environment/ament_prefix_path.sh
[1.245s] -- Installing: /home/freedom/freedom_ws/src/butia_description/install/sensors_description/share/sensors_description/environment/ament_prefix_path.dsv
[1.245s] -- Installing: /home/freedom/freedom_ws/src/butia_description/install/sensors_description/share/sensors_description/environment/path.sh
[1.246s] -- Installing: /home/freedom/freedom_ws/src/butia_description/install/sensors_description/share/sensors_description/environment/path.dsv
[1.246s] -- Installing: /home/freedom/freedom_ws/src/butia_description/install/sensors_description/share/sensors_description/local_setup.bash
[1.246s] -- Installing: /home/freedom/freedom_ws/src/butia_description/install/sensors_description/share/sensors_description/local_setup.sh
[1.247s] -- Installing: /home/freedom/freedom_ws/src/butia_description/install/sensors_description/share/sensors_description/local_setup.zsh
[1.247s] -- Installing: /home/freedom/freedom_ws/src/butia_description/install/sensors_description/share/sensors_description/local_setup.dsv
[1.247s] -- Installing: /home/freedom/freedom_ws/src/butia_description/install/sensors_description/share/sensors_description/package.dsv
[1.247s] -- Installing: /home/freedom/freedom_ws/src/butia_description/install/sensors_description/share/ament_index/resource_index/packages/sensors_description
[1.247s] -- Installing: /home/freedom/freedom_ws/src/butia_description/install/sensors_description/share/sensors_description/cmake/sensors_descriptionConfig.cmake
[1.247s] -- Installing: /home/freedom/freedom_ws/src/butia_description/install/sensors_description/share/sensors_description/cmake/sensors_descriptionConfig-version.cmake
[1.247s] -- Installing: /home/freedom/freedom_ws/src/butia_description/install/sensors_description/share/sensors_description/package.xml
[1.285s] Invoked command in '/home/freedom/freedom_ws/src/butia_description/build/sensors_description' returned '0': CMAKE_PREFIX_PATH=/opt/ros/humble /usr/bin/cmake --install /home/freedom/freedom_ws/src/butia_description/build/sensors_description
